Content-Type: text/plain; charset="utf-8"
Content-Transfer-Encoding: quoted-printable
MIME-Version: 1.0
Subject: =?utf-8?q?Contrase=C3=B1a?= restablecida en 127.0.0.1:8000
From: webmaster@localhost
To: aresjq21@gmail.com
Date: Sun, 12 Jul 2026 02:30:30 +0000
Message-ID: <178382343044.12640.6565926451453683030@DESKTOP-U6506TO>

=C2=A1Hola!

Recibimos una solicitud para restablecer la contrase=C3=B1a de tu cuenta en P=
QRS Inteligente.

Haz clic en el siguiente enlace para crear una nueva contrase=C3=B1a:
http://127.0.0.1:8000/accounts/reset/MQ/dbkmeu-84f1a1de429355300860719b7dfcc2=
fa/

Si no solicitaste este cambio, puedes ignorar este correo. Tu contrase=C3=B1a=
 no cambiar=C3=A1 a menos que accedas al enlace anterior y crees una nueva.

Este enlace es v=C3=A1lido por 3 d=C3=ADas.

--
PQRS Inteligente - Proyecto SENA C=C3=BAcuta

-------------------------------------------------------------------------------
