Content-Type: text/plain; charset="utf-8"
Content-Transfer-Encoding: quoted-printable
MIME-Version: 1.0
Subject: =?utf-8?q?Contrase=C3=B1a?= restablecida en 127.0.0.1:8000
From: webmaster@localhost
To: adminprueba2@gmail.com
Date: Mon, 08 Jun 2026 20:49:22 +0000
Message-ID: <178095176225.3708.7718284728503414613@DESKTOP-U6506TO>

=C2=A1Hola!

Recibimos una solicitud para restablecer la contrase=C3=B1a de tu cuenta en P=
QRS Inteligente.

Haz clic en el siguiente enlace para crear una nueva contrase=C3=B1a:
http://127.0.0.1:8000/accounts/reset/Ng/d9v2ma-beeebb029737b39b363c36212bb0af=
11/

Si no solicitaste este cambio, puedes ignorar este correo. Tu contrase=C3=B1a=
 no cambiar=C3=A1 a menos que accedas al enlace anterior y crees una nueva.

Este enlace es v=C3=A1lido por 3 d=C3=ADas.

--
PQRS Inteligente - Proyecto SENA C=C3=BAcuta

-------------------------------------------------------------------------------
