Content-Type: text/plain; charset="utf-8"
Content-Transfer-Encoding: quoted-printable
MIME-Version: 1.0
Subject: =?utf-8?q?Contrase=C3=B1a?= restablecida en 127.0.0.1:8000
From: webmaster@localhost
To: prueba2@gmail.com
Date: Sun, 02 Aug 2026 02:36:35 +0000
Message-ID: <178563819517.14740.5223488407110214758@DESKTOP-U6506TO>

=C2=A1Hola!

Recibimos una solicitud para restablecer la contrase=C3=B1a de tu cuenta en P=
QRS Inteligente.

Haz clic en el siguiente enlace para crear una nueva contrase=C3=B1a:
http://127.0.0.1:8000/accounts/reset/MTE/dcnioz-5330e33b0a685d5ddfcb5b557effb=
85f/

Si no solicitaste este cambio, puedes ignorar este correo. Tu contrase=C3=B1a=
 no cambiar=C3=A1 a menos que accedas al enlace anterior y crees una nueva.

Este enlace es v=C3=A1lido por 3 d=C3=ADas.

--
PQRS Inteligente - Proyecto SENA C=C3=BAcuta

-------------------------------------------------------------------------------
